nohup: ignoring input
=== Generating pairs for trait 'grammar' ===
[skip] data/pairs/run1_grammar.jsonl already exists (set FORCE=1 to overwrite)
[skip] data/pairs_small/run1_grammar.jsonl already exists (set FORCE=1 to overwrite)
[skip] data/pairs/run2_grammar.jsonl already exists (set FORCE=1 to overwrite)
[skip] data/pairs_small/run2_grammar.jsonl already exists (set FORCE=1 to overwrite)
[generate] trait=grammar run=3 split_fraction=1.0 -> data/pairs/run3_grammar.jsonl
Pairs written to data/pairs/run3_grammar.jsonl
Metadata saved to data/pairs/run3_grammar_meta.json
[generate] trait=grammar run=3 split_fraction=0.5 -> data/pairs_small/run3_grammar.jsonl
Pairs written to data/pairs_small/run3_grammar.jsonl
Metadata saved to data/pairs_small/run3_grammar_meta.json
[generate] trait=grammar run=4 split_fraction=1.0 -> data/pairs/run4_grammar.jsonl
Pairs written to data/pairs/run4_grammar.jsonl
Metadata saved to data/pairs/run4_grammar_meta.json
[generate] trait=grammar run=4 split_fraction=0.5 -> data/pairs_small/run4_grammar.jsonl
Pairs written to data/pairs_small/run4_grammar.jsonl
Metadata saved to data/pairs_small/run4_grammar_meta.json
[generate] trait=grammar run=5 split_fraction=1.0 -> data/pairs/run5_grammar.jsonl
Pairs written to data/pairs/run5_grammar.jsonl
Metadata saved to data/pairs/run5_grammar_meta.json
[generate] trait=grammar run=5 split_fraction=0.5 -> data/pairs_small/run5_grammar.jsonl
Pairs written to data/pairs_small/run5_grammar.jsonl
Metadata saved to data/pairs_small/run5_grammar_meta.json
=== Generating pairs for trait 'vocabulary' ===
[generate] trait=vocabulary run=1 split_fraction=1.0 -> data/pairs/run1_vocabulary.jsonl
Pairs written to data/pairs/run1_vocabulary.jsonl
Metadata saved to data/pairs/run1_vocabulary_meta.json
[generate] trait=vocabulary run=1 split_fraction=0.5 -> data/pairs_small/run1_vocabulary.jsonl
Pairs written to data/pairs_small/run1_vocabulary.jsonl
Metadata saved to data/pairs_small/run1_vocabulary_meta.json
[generate] trait=vocabulary run=2 split_fraction=1.0 -> data/pairs/run2_vocabulary.jsonl
Pairs written to data/pairs/run2_vocabulary.jsonl
Metadata saved to data/pairs/run2_vocabulary_meta.json
[generate] trait=vocabulary run=2 split_fraction=0.5 -> data/pairs_small/run2_vocabulary.jsonl
Pairs written to data/pairs_small/run2_vocabulary.jsonl
Metadata saved to data/pairs_small/run2_vocabulary_meta.json
[generate] trait=vocabulary run=3 split_fraction=1.0 -> data/pairs/run3_vocabulary.jsonl
Pairs written to data/pairs/run3_vocabulary.jsonl
Metadata saved to data/pairs/run3_vocabulary_meta.json
[generate] trait=vocabulary run=3 split_fraction=0.5 -> data/pairs_small/run3_vocabulary.jsonl
Pairs written to data/pairs_small/run3_vocabulary.jsonl
Metadata saved to data/pairs_small/run3_vocabulary_meta.json
[generate] trait=vocabulary run=4 split_fraction=1.0 -> data/pairs/run4_vocabulary.jsonl
Pairs written to data/pairs/run4_vocabulary.jsonl
Metadata saved to data/pairs/run4_vocabulary_meta.json
[generate] trait=vocabulary run=4 split_fraction=0.5 -> data/pairs_small/run4_vocabulary.jsonl
Pairs written to data/pairs_small/run4_vocabulary.jsonl
Metadata saved to data/pairs_small/run4_vocabulary_meta.json
[generate] trait=vocabulary run=5 split_fraction=1.0 -> data/pairs/run5_vocabulary.jsonl
Pairs written to data/pairs/run5_vocabulary.jsonl
Metadata saved to data/pairs/run5_vocabulary_meta.json
[generate] trait=vocabulary run=5 split_fraction=0.5 -> data/pairs_small/run5_vocabulary.jsonl
Pairs written to data/pairs_small/run5_vocabulary.jsonl
Metadata saved to data/pairs_small/run5_vocabulary_meta.json
All requested pair files processed.
